#Print a square
#Must be >= 0
#must be int

intention - print a size by size square with "#"

Function - print_square(size):

>>> print_square = __import__('4-print_square').print_square

=====Successful Functions=====

--------Basic--------

>>> print_square(4)
####
####
####
####

--------Zero--------

>>> print_square(0)


--------One--------

>>> print_square(1)
#

=====Errors=====

--------Negative--------

>>> print_square(-1)
Traceback (most recent call last):
TypeError: size must be >= 0

--------Not an int---------

>>> print_square("Hello!")
Traceback (most recent call last):
TypeError: size must be an integer


===END===
